
> amjuulya@1.0.0 build
> next build

  Γû▓ Next.js 14.2.3

   Creating an optimized production build ...
 Γ£ô Compiled successfully
   Linting and checking validity of types ...
node.exe : Failed to 
compile.
At line:1 char:1
+ & "C:\Program 
Files\nodejs/node.exe" 
"C:\Program 
Files\nodejs/node_mo ...
+ ~~~~~~~~~~~~~~~~~~~~~~~
~~~~~~~~~~~~~~~~~~~~~~~~~
~~~~~~~~~~~~~~~~~~~~~
    + CategoryInfo       
       : NotSpecified:   
  (Failed to compile.:   
 String) [], RemoteEx    
ception
    + FullyQualifiedErro 
   rId : NativeCommandE  
  rror
 

./src/lib/api.ts:46:61
Type error: Argument of 
type 'Partial<Pick<User, 
"name" | "avatar_url">>' 
is not assignable to 
parameter of type 
'never'.

[0m [90m 44 |[39m   
}[33m,[39m[0m
[0m [90m 45 |[39m   
[36masync[39m 
update(id[33m:[39m 
string[33m,[39m 
updates[33m:[39m [33mP
artial[39m[33m<[39m[3
3mPick[39m[33m<[39m[3
3mUser[39m[33m,[39m 
[32m'name'[39m 
[33m|[39m [32m'avatar_
url'[39m[33m>>[39m) 
{[0m
[0m[31m[1m>[22m[39m
[90m 46 |[39m     
[36mconst[39m { error 
} [33m=[39m 
[36mawait[39m supabase(
)[33m.[39m[36mfrom[39
m([32m'users'[39m)[33m
.[39mupdate(updates)[33
m.[39meq([32m'id'[39m
[33m,[39m 
id)[33m;[39m[0m
[0m [90m    |[39m     
                         
                         
      
[31m[1m^[22m[39m[0m
[0m [90m 47 |[39m     
[36mif[39m (error) 
throwIf(error[33m,[39m 
[32m'╨ƒ╤Ç╨╛╤ä╨░╨╣╨╗ 
╤ê╨╕╨╜╤ì╤ç╨╗╤ì╤à╤ì╨┤ 
╨░╨╗╨┤╨░╨░ ╨│╨░╤Ç╨╗╨░╨░'
[39m)[33m;[39m[0m
[0m [90m 48 |[39m   
}[33m,[39m[0m
[0m [90m 49 |[39m   
[36masync[39m uploadAva
tar(userId[33m:[39m 
string[33m,[39m 
file[33m:[39m [33mFile
[39m)[33m:[39m [33mPr
omise[39m[33m<[39m[33
mstring[39m[33m>[39m 
{[0m
